≡ƒÜÇ Starting Banking API Tests

1∩╕ÅΓâú Testing User Registration...
Γ¥î Registration failed: 

≡ƒÆÑ Test failed: 
Network error - no response received
